###############################################################################
#
# IAR ELF Linker V8.30.1.114/W32 for ARM                  11/Aug/2018  10:56:39
# Copyright 2007-2018 IAR Systems AB.
#
#    Output file  =  
#        C:\Users\y6773\Desktop\TivaCBluetooth-master\TivaCBluetooth-master\Debug\Exe\Bluetooth.out
#    Map file     =  
#        C:\Users\y6773\Desktop\TivaCBluetooth-master\TivaCBluetooth-master\Debug\List\Bluetooth.map
#    Command line =  
#        -f C:\Users\y6773\AppData\Local\Temp\EW14BB.tmp
#        (C:\Users\y6773\Desktop\TivaCBluetooth-master\TivaCBluetooth-master\Debug\Obj\cstartup_M.o
#        C:\Users\y6773\Desktop\TivaCBluetooth-master\TivaCBluetooth-master\Debug\Obj\SSD2119.o
#        C:\Users\y6773\Desktop\TivaCBluetooth-master\TivaCBluetooth-master\Debug\Obj\tivaCbluetooth.o
#        --no_out_extension -o
#        C:\Users\y6773\Desktop\TivaCBluetooth-master\TivaCBluetooth-master\Debug\Exe\Bluetooth.out
#        --redirect _Printf=_PrintfFullNoMb --redirect _Scanf=_ScanfFullNoMb
#        --map
#        C:\Users\y6773\Desktop\TivaCBluetooth-master\TivaCBluetooth-master\Debug\List\Bluetooth.map
#        --config "C:\Program Files (x86)\IAR Systems\Embedded Workbench
#        8.1\arm\config\linker\TexasInstruments\TM4C123GH6.icf" --semihosting
#        --entry __iar_program_start --vfe --text_out locale)
#
###############################################################################

*******************************************************************************
*** RUNTIME MODEL ATTRIBUTES
***

CppFlavor       = *
__SystemLibrary = DLib
__dlib_version  = 6


*******************************************************************************
*** HEAP SELECTION
***

The basic heap was selected because some modules are built with
size limitations (and not runtime checking), and --advanced_heap
was not specified.


*******************************************************************************
*** PLACEMENT SUMMARY
***

"A0":  place at 0x0 { ro section .intvec };
"P1":  place in [from 0x0 to 0x3'ffff] { ro };
define block CSTACK with size = 4K, alignment = 8 { };
define block HEAP with size = 8K, alignment = 8 { };
"P2":  place in [from 0x2000'0000 to 0x2000'7fff] {
          rw, block CSTACK, block HEAP };
initialize by copy { rw };

  Section            Kind         Address    Size  Object
  -------            ----         -------    ----  ------
"A0":                                       0x134
  .intvec            const            0x0   0x134  cstartup_M.o [1]
                                  - 0x134   0x134

"P1":                                      0x2a12
  .text              ro code        0x134   0xe26  xprintffull_nomb.o [2]
  .text              ro code        0xf5a     0xa  xsprout.o [2]
  .text              ro code        0xf64    0x16  strchr.o [4]
  .text              ro code        0xf7a     0x2  cstartup_M.o [1]
  .text              ro code        0xf7c    0x40  xfail_s.o [2]
  .text              ro code        0xfbc    0x36  strlen.o [4]
  .text              ro code        0xff2     0x2  cstartup_M.o [1]
  .text              ro code        0xff4    0x58  memchr.o [4]
  .text              ro code       0x104c   0x230  I64DivMod.o [4]
  .text              ro code       0x127c   0x1a2  DblMul.o [3]
  .text              ro code       0x141e     0x2  cstartup_M.o [1]
  .text              ro code       0x1420    0x76  ABImemcpy_unaligned.o [4]
  .text              ro code       0x1496     0x2  cstartup_M.o [1]
  .text              ro code       0x1498    0x70  frexp.o [3]
  .text              ro code       0x1508    0x2e  DblCmpLe.o [3]
  .text              ro code       0x1536     0x2  cstartup_M.o [1]
  .text              ro code       0x1538    0x2e  DblCmpGe.o [3]
  .text              ro code       0x1566     0x2  cstartup_M.o [1]
  .text              ro code       0x1568   0x13a  ldexp.o [3]
  .text              ro code       0x16a2     0x2  cstartup_M.o [1]
  .text              ro code       0x16a4    0x3a  DblToS32.o [3]
  .text              ro code       0x16de     0x2  cstartup_M.o [1]
  .text              ro code       0x16e0    0x22  S32ToDbl.o [3]
  .text              ro code       0x1702     0x2  cstartup_M.o [1]
  .text              ro code       0x1704    0xe2  DblSub.o [3]
  .text              ro code       0x17e8   0x246  DblDiv.o [3]
  .text              ro code       0x1a30    0x28  DblToU32.o [3]
  .text              ro code       0x1a58    0x1a  U32ToDbl.o [3]
  .text              ro code       0x1a72     0x6  abort.o [2]
  .text              ro code       0x1a78     0x2  I64DivZer.o [4]
  .text              ro code       0x1a7c   0x16a  DblAdd.o [3]
  .text              ro code       0x1be8    0x14  exit.o [5]
  .text              ro code       0x1bfc   0x834  SSD2119.o [1]
  .text              ro code       0x2430   0x390  tivaCbluetooth.o [1]
  .text              ro code       0x27c0    0x42  strcmp_unaligned.o [4]
  .text              ro code       0x2804    0x40  sprintf.o [2]
  .rodata            const         0x2844   0x1e0  SSD2119.o [1]
  .text              ro code       0x2a24    0x38  packbits_init_single.o [4]
  .text              ro code       0x2a5c    0x28  data_init.o [4]
  .iar.init_table    const         0x2a84    0x10  - Linker created -
  .text              ro code       0x2a94    0x1e  cmain.o [4]
  .text              ro code       0x2ab2     0x4  low_level_init.o [2]
  .text              ro code       0x2ab6     0x4  exit.o [2]
  .text              ro code       0x2abc     0xa  cexit.o [4]
  .rodata            const         0x2ac8    0x1c  SSD2119.o [1]
  .rodata            const         0x2ae4    0x14  tivaCbluetooth.o [1]
  .rodata            const         0x2af8    0x14  tivaCbluetooth.o [1]
  .rodata            const         0x2b0c    0x14  tivaCbluetooth.o [1]
  .text              ro code       0x2b20    0x10  cstartup_M.o [1]
  .rodata            const         0x2b30     0x8  tivaCbluetooth.o [1]
  .rodata            const         0x2b38     0x8  tivaCbluetooth.o [1]
  .rodata            const         0x2b40     0x0  packbits_init_single.o [4]
  Initializer bytes  const         0x2b40     0x6  <for P2-1>
                                 - 0x2b46  0x2a12

"P2", part 1 of 2:                           0x48
  P2-1                        0x2000'0000    0x48  <Init block>
    .bss             inited   0x2000'0000     0xc  tivaCbluetooth.o [1]
    .bss             inited   0x2000'000c    0x20  tivaCbluetooth.o [1]
    .bss             inited   0x2000'002c     0x4  tivaCbluetooth.o [1]
    .bss             inited   0x2000'0030     0x4  tivaCbluetooth.o [1]
    .bss             inited   0x2000'0034     0x4  xfail_s.o [2]
    .bss             inited   0x2000'0038     0x2  SSD2119.o [1]
    .bss             inited   0x2000'003a     0x2  SSD2119.o [1]
    .bss             inited   0x2000'003c     0x2  SSD2119.o [1]
    .bss             inited   0x2000'003e     0x2  SSD2119.o [1]
    .bss             inited   0x2000'0040     0x2  SSD2119.o [1]
    .bss             inited   0x2000'0042     0x2  tivaCbluetooth.o [1]
    .data            inited   0x2000'0044     0x1  tivaCbluetooth.o [1]
    .bss             inited   0x2000'0045     0x1  tivaCbluetooth.o [1]
    .bss             inited   0x2000'0046     0x1  tivaCbluetooth.o [1]
    .bss             inited   0x2000'0047     0x1  tivaCbluetooth.o [1]
                            - 0x2000'0048    0x48

"P2", part 2 of 2:                         0x1000
  CSTACK                      0x2000'0048  0x1000  <Block>
    CSTACK           uninit   0x2000'0048  0x1000  <Block tail>
                            - 0x2000'1048  0x1000

Unused ranges:

         From           To      Size
         ----           --      ----
       0x2b46     0x3'ffff  0x3'd4ba
  0x2000'1048  0x2000'7fff    0x6fb8


*******************************************************************************
*** INIT TABLE
***

          Address      Size
          -------      ----
Copy/packbits (__iar_packbits_init_single3)
    1 source range, total size 0x6 (8% of destination):
               0x2b40   0x6
    1 destination range, total size 0x48:
          0x2000'0000  0x48



*******************************************************************************
*** MODULE SUMMARY
***

    Module                  ro code  ro data  rw data
    ------                  -------  -------  -------
command line/config:
    -------------------------------------------------
    Total:

C:\Users\y6773\Desktop\TivaCBluetooth-master\TivaCBluetooth-master\Debug\Obj: [1]
    SSD2119.o                 2 100      509       10
    cstartup_M.o                 34      308
    tivaCbluetooth.o            912       81       58
    -------------------------------------------------
    Total:                    3 046      898       68

dl7M_tln.a: [2]
    abort.o                       6
    exit.o                        4
    low_level_init.o              4
    sprintf.o                    64
    xfail_s.o                    64                 4
    xprintffull_nomb.o        3 622
    xsprout.o                    10
    -------------------------------------------------
    Total:                    3 774                 4

m7M_tl.a: [3]
    DblAdd.o                    362
    DblCmpGe.o                   46
    DblCmpLe.o                   46
    DblDiv.o                    582
    DblMul.o                    418
    DblSub.o                    226
    DblToS32.o                   58
    DblToU32.o                   40
    S32ToDbl.o                   34
    U32ToDbl.o                   26
    frexp.o                     112
    ldexp.o                     314
    -------------------------------------------------
    Total:                    2 264

rt7M_tl.a: [4]
    ABImemcpy_unaligned.o       118
    I64DivMod.o                 560
    I64DivZer.o                   2
    cexit.o                      10
    cmain.o                      30
    data_init.o                  40
    memchr.o                     88
    packbits_init_single.o       56
    strchr.o                     22
    strcmp_unaligned.o           66
    strlen.o                     54
    -------------------------------------------------
    Total:                    1 046

shb_l.a: [5]
    exit.o                       20
    -------------------------------------------------
    Total:                       20

    Gaps                         12        2
    Linker created                        16    4 096
-----------------------------------------------------
    Grand Total:             10 162      916    4 168


*******************************************************************************
*** ENTRY LIST
***

Entry                       Address   Size  Type      Object
-----                       -------   ----  ----      ------
.iar.init_table$$Base        0x2a84          --   Gb  - Linker created -
.iar.init_table$$Limit       0x2a94          --   Gb  - Linker created -
?main                        0x2a95         Code  Gb  cmain.o [4]
ADC_Init                     0x210f   0x80  Code  Gb  SSD2119.o [1]
ADC_Read                     0x2195   0x26  Code  Gb  SSD2119.o [1]
ADC_SetChannel               0x21bb   0x30  Code  Gb  SSD2119.o [1]
ASCII                        0x2844  0x1e0  Data  Lc  SSD2119.o [1]
CSTACK$$Base            0x2000'0048          --   Gb  - Linker created -
CSTACK$$Limit           0x2000'1048          --   Gb  - Linker created -
LCD_DrawPixel                0x209d   0x34  Code  Gb  SSD2119.o [1]
LCD_GPIOInit                 0x1bfd   0x74  Code  Gb  SSD2119.o [1]
LCD_Goto                     0x1fcb   0x2e  Code  Gb  SSD2119.o [1]
LCD_Init                     0x1d07  0x1a2  Code  Gb  SSD2119.o [1]
LCD_PrintChar                0x1ec9   0xd4  Code  Gb  SSD2119.o [1]
LCD_PrintInteger             0x200d   0x6a  Code  Gb  SSD2119.o [1]
LCD_PrintString              0x1f9d   0x20  Code  Gb  SSD2119.o [1]
LCD_SetCursor                0x1fbd    0xe  Code  Gb  SSD2119.o [1]
LCD_SetTextColor             0x1ff9   0x14  Code  Gb  SSD2119.o [1]
LCD_WriteCommand             0x1c71   0x4e  Code  Gb  SSD2119.o [1]
LCD_WriteData                0x1cbf   0x48  Code  Gb  SSD2119.o [1]
LoadInt                       0x2e3   0x7a  Code  Lc  xprintffull_nomb.o [2]
Region$$Table$$Base          0x2a84          --   Gb  - Linker created -
Region$$Table$$Limit         0x2a94          --   Gb  - Linker created -
Timer0InterruptIsr           0x24f1   0xb6  Code  Gb  tivaCbluetooth.o [1]
Touch_GetCoords              0x2379   0x4e  Code  Gb  SSD2119.o [1]
Touch_Init                   0x20d1   0x3e  Code  Gb  SSD2119.o [1]
Touch_ReadX                  0x21f5   0xce  Code  Gb  SSD2119.o [1]
Touch_ReadY                  0x22c9   0xac  Code  Gb  SSD2119.o [1]
Touch_XVal              0x2000'003e    0x2  Data  Gb  SSD2119.o [1]
Touch_YVal              0x2000'0040    0x2  Data  Gb  SSD2119.o [1]
Uart2InterruptIsr            0x2457   0x8a  Code  Gb  tivaCbluetooth.o [1]
Uart3InterruptIsr            0x24e1   0x10  Code  Gb  tivaCbluetooth.o [1]
_GenldFullNoMb                0xc59  0x274  Code  Lc  xprintffull_nomb.o [2]
_LdtobFullNoMb                0x82d  0x400  Code  Lc  xprintffull_nomb.o [2]
_LitobFullNoMb                0x6d5  0x112  Code  Lc  xprintffull_nomb.o [2]
_PrintfFullNoMb               0x135  0x19e  Code  Gb  xprintffull_nomb.o [2]
_PutcharsFullNoMb             0xecd   0x2e  Code  Lc  xprintffull_nomb.o [2]
_PutfldFullNoMb               0x35d  0x26c  Code  Lc  xprintffull_nomb.o [2]
_PuttxtFullNoMb               0x5c9  0x10c  Code  Lc  xprintffull_nomb.o [2]
_SProut                       0xf5b    0xa  Code  Gb  xsprout.o [2]
__aeabi_cdcmple              0x1509         Code  Gb  DblCmpLe.o [3]
__aeabi_cdrcmple             0x1539         Code  Gb  DblCmpGe.o [3]
__aeabi_d2iz                 0x16a5         Code  Gb  DblToS32.o [3]
__aeabi_d2uiz                0x1a31         Code  Gb  DblToU32.o [3]
__aeabi_ddiv                 0x17e9         Code  Gb  DblDiv.o [3]
__aeabi_dmul                 0x127d         Code  Gb  DblMul.o [3]
__aeabi_dsub                 0x1705         Code  Gb  DblSub.o [3]
__aeabi_i2d                  0x16e1         Code  Gb  S32ToDbl.o [3]
__aeabi_ldiv0                0x1a79         Code  Gb  I64DivZer.o [4]
__aeabi_ui2d                 0x1a59         Code  Gb  U32ToDbl.o [3]
__aeabi_uldivmod             0x104d         Code  Gb  I64DivMod.o [4]
__cmain                      0x2a95         Code  Gb  cmain.o [4]
__exit                       0x1be9   0x14  Code  Gb  exit.o [5]
__iar_Fail_s                  0xf7d   0x1c  Code  Gb  xfail_s.o [2]
__iar_Memchr                  0xff5         Code  Gb  memchr.o [4]
__iar_Strchr                  0xf65         Code  Gb  strchr.o [4]
__iar_dadd                   0x1715         Code  Gb  DblSub.o [3]
__iar_data_init3             0x2a5d   0x28  Code  Gb  data_init.o [4]
__iar_dsub                   0x1a7d         Code  Gb  DblAdd.o [3]
__iar_dsubStart              0x1a8f         Code  Gb  DblAdd.o [3]
__iar_frexp                  0x14a5         Code  Gb  frexp.o [3]
__iar_frexp64                0x1499         Code  Gb  frexp.o [3]
__iar_frexpl                 0x14a5         Code  Gb  frexp.o [3]
__iar_ldexp64                0x1569         Code  Gb  ldexp.o [3]
__iar_packbits_init_single3
                             0x2a25   0x38  Code  Gb  packbits_init_single.o [4]
__iar_program_start          0x2b21   0x10  Code  Gb  cstartup_M.o [1]
__iar_scalbln64              0x1569         Code  Gb  ldexp.o [3]
__iar_scalbn64               0x1569         Code  Gb  ldexp.o [3]
__iar_unaligned_memcpy       0x1421         Code  Gb  ABImemcpy_unaligned.o [4]
__iar_unaligned_memcpy4
                             0x1441         Code  Gb  ABImemcpy_unaligned.o [4]
__iar_unaligned_memcpy8
                             0x1441         Code  Gb  ABImemcpy_unaligned.o [4]
__iar_unaligned_strcmp       0x27c1         Code  Gb  strcmp_unaligned.o [4]
__low_level_init             0x2ab3    0x4  Code  Gb  low_level_init.o [2]
__vector_table                  0x0  0x134  Data  Gb  cstartup_M.o [1]
_call_main                   0x2aa1         Code  Gb  cmain.o [4]
_exit                        0x2abd         Code  Gb  cexit.o [4]
_main                        0x2aaf         Code  Gb  cmain.o [4]
abort                        0x1a73    0x6  Code  Gb  abort.o [2]
colorFlag               0x2000'0047    0x1  Data  Gb  tivaCbluetooth.o [1]
convertColor                 0x1ea9   0x20  Code  Gb  SSD2119.o [1]
count                   0x2000'0042    0x2  Data  Gb  tivaCbluetooth.o [1]
countstr                0x2000'000c   0x20  Data  Gb  tivaCbluetooth.o [1]
cursorX                 0x2000'0038    0x2  Data  Gb  SSD2119.o [1]
cursorY                 0x2000'003a    0x2  Data  Gb  SSD2119.o [1]
exit                         0x2ab7    0x4  Code  Gb  exit.o [2]
frexp                        0x1499         Code  Gb  frexp.o [3]
frexpl                       0x1499         Code  Gb  frexp.o [3]
index                   0x2000'0046    0x1  Data  Gb  tivaCbluetooth.o [1]
ldexp                        0x1569         Code  Gb  ldexp.o [3]
ldexpl                       0x1569         Code  Gb  ldexp.o [3]
main                         0x27ad   0x14  Code  Gb  tivaCbluetooth.o [1]
memchr                        0xff5         Code  Gb  memchr.o [4]
rxChar                  0x2000'0000    0xc  Data  Gb  tivaCbluetooth.o [1]
scalbln                      0x1569         Code  Gb  ldexp.o [3]
scalblnl                     0x1569         Code  Gb  ldexp.o [3]
scalbn                       0x1569         Code  Gb  ldexp.o [3]
scalbnl                      0x1569         Code  Gb  ldexp.o [3]
scale                         0x7e7   0x46  Code  Lc  xprintffull_nomb.o [2]
sec_hand                0x2000'0034    0x4  Data  Lc  xfail_s.o [2]
setUp                        0x25b1  0x116  Code  Gb  tivaCbluetooth.o [1]
sprintf                      0x2805   0x40  Code  Gb  sprintf.o [2]
strchr                        0xf65         Code  Gb  strchr.o [4]
strlen                        0xfbd         Code  Gb  strlen.o [4]
textColor               0x2000'003c    0x2  Data  Gb  SSD2119.o [1]
timeron                 0x2000'0044    0x1  Data  Gb  tivaCbluetooth.o [1]
txChar                  0x2000'0045    0x1  Data  Gb  tivaCbluetooth.o [1]
writeCharToUart3             0x2431   0x10  Code  Gb  tivaCbluetooth.o [1]
writeStringToUart3           0x2441   0x16  Code  Gb  tivaCbluetooth.o [1]
x                       0x2000'002c    0x4  Data  Gb  tivaCbluetooth.o [1]
y                       0x2000'0030    0x4  Data  Gb  tivaCbluetooth.o [1]


[1] = C:\Users\y6773\Desktop\TivaCBluetooth-master\TivaCBluetooth-master\Debug\Obj
[2] = dl7M_tln.a
[3] = m7M_tl.a
[4] = rt7M_tl.a
[5] = shb_l.a

  10 162 bytes of readonly  code memory
     916 bytes of readonly  data memory
   4 168 bytes of readwrite data memory

Errors: none
Warnings: none
